Modules list:
-------------
startup.o:
    ZEROPAGE          Offs=000000  Size=000006  Align=00001  Fill=0000
    STARTUP           Offs=000000  Size=000047  Align=00001  Fill=0000
main.o:
    CODE              Offs=000000  Size=001A95  Align=00001  Fill=0000
    RODATA            Offs=000000  Size=000197  Align=00001  Fill=0000
    BSS               Offs=000000  Size=0013FD  Align=00001  Fill=0000
    DATA              Offs=000000  Size=00001E  Align=00001  Fill=0000
D:\cc65\lib\none.lib(add.o):
    CODE              Offs=001A95  Size=00001C  Align=00001  Fill=0000
D:\cc65\lib\none.lib(addeqsp.o):
    CODE              Offs=001AB1  Size=000011  Align=00001  Fill=0000
D:\cc65\lib\none.lib(addysp.o):
    CODE              Offs=001AC2  Size=00000E  Align=00001  Fill=0000
D:\cc65\lib\none.lib(aslax1.o):
    CODE              Offs=001AD0  Size=000008  Align=00001  Fill=0000
D:\cc65\lib\none.lib(call.o):
    CODE              Offs=001AD8  Size=000007  Align=00001  Fill=0000
D:\cc65\lib\none.lib(decax1.o):
    CODE              Offs=001ADF  Size=000007  Align=00001  Fill=0000
D:\cc65\lib\none.lib(decaxy.o):
    CODE              Offs=001AE6  Size=000009  Align=00001  Fill=0000
D:\cc65\lib\none.lib(decsp1.o):
    CODE              Offs=001AEF  Size=000009  Align=00001  Fill=0000
D:\cc65\lib\none.lib(decsp2.o):
    CODE              Offs=001AF8  Size=00000D  Align=00001  Fill=0000
D:\cc65\lib\none.lib(decsp3.o):
    CODE              Offs=001B05  Size=00000D  Align=00001  Fill=0000
D:\cc65\lib\none.lib(decsp7.o):
    CODE              Offs=001B12  Size=00000D  Align=00001  Fill=0000
D:\cc65\lib\none.lib(div.o):
    CODE              Offs=001B1F  Size=000015  Align=00001  Fill=0000
D:\cc65\lib\none.lib(eq.o):
    CODE              Offs=001B34  Size=00000A  Align=00001  Fill=0000
D:\cc65\lib\none.lib(gt.o):
    CODE              Offs=001B3E  Size=00000A  Align=00001  Fill=0000
D:\cc65\lib\none.lib(icmp.o):
    CODE              Offs=001B48  Size=00002E  Align=00001  Fill=0000
D:\cc65\lib\none.lib(incax1.o):
    CODE              Offs=001B76  Size=000007  Align=00001  Fill=0000
D:\cc65\lib\none.lib(incaxy.o):
    CODE              Offs=001B7D  Size=00000B  Align=00001  Fill=0000
D:\cc65\lib\none.lib(incsp1.o):
    CODE              Offs=001B88  Size=000007  Align=00001  Fill=0000
D:\cc65\lib\none.lib(incsp2.o):
    CODE              Offs=001B8F  Size=000016  Align=00001  Fill=0000
D:\cc65\lib\none.lib(incsp3.o):
    CODE              Offs=001BA5  Size=000005  Align=00001  Fill=0000
D:\cc65\lib\none.lib(incsp4.o):
    CODE              Offs=001BAA  Size=000005  Align=00001  Fill=0000
D:\cc65\lib\none.lib(incsp5.o):
    CODE              Offs=001BAF  Size=000005  Align=00001  Fill=0000
D:\cc65\lib\none.lib(incsp6.o):
    CODE              Offs=001BB4  Size=000005  Align=00001  Fill=0000
D:\cc65\lib\none.lib(jmpvec.o):
    DATA              Offs=00001E  Size=000003  Align=00001  Fill=0000
D:\cc65\lib\none.lib(ldai.o):
    CODE              Offs=001BB9  Size=00000C  Align=00001  Fill=0000
D:\cc65\lib\none.lib(ldaxi.o):
    CODE              Offs=001BC5  Size=00000D  Align=00001  Fill=0000
D:\cc65\lib\none.lib(ldaxsp.o):
    CODE              Offs=001BD2  Size=000009  Align=00001  Fill=0000
D:\cc65\lib\none.lib(leaaxsp.o):
    CODE              Offs=001BDB  Size=00000C  Align=00001  Fill=0000
D:\cc65\lib\none.lib(lt.o):
    CODE              Offs=001BE7  Size=00000A  Align=00001  Fill=0000
D:\cc65\lib\none.lib(makebool.o):
    CODE              Offs=001BF1  Size=00002C  Align=00001  Fill=0000
D:\cc65\lib\none.lib(mod.o):
    CODE              Offs=001C1D  Size=000011  Align=00001  Fill=0000
D:\cc65\lib\none.lib(mul.o):
    CODE              Offs=001C2E  Size=000045  Align=00001  Fill=0000
D:\cc65\lib\none.lib(mul8.o):
    CODE              Offs=001C73  Size=00003A  Align=00001  Fill=0000
D:\cc65\lib\none.lib(mulax10.o):
    CODE              Offs=001CAD  Size=000019  Align=00001  Fill=0000
D:\cc65\lib\none.lib(mulax7.o):
    CODE              Offs=001CC6  Size=000019  Align=00001  Fill=0000
D:\cc65\lib\none.lib(negabs.o):
    CODE              Offs=001CDF  Size=000012  Align=00001  Fill=0000
D:\cc65\lib\none.lib(popptr1.o):
    CODE              Offs=001CF1  Size=00000E  Align=00001  Fill=0000
D:\cc65\lib\none.lib(pusha.o):
    CODE              Offs=001CFF  Size=000016  Align=00001  Fill=0000
D:\cc65\lib\none.lib(pushax.o):
    CODE              Offs=001D15  Size=00001A  Align=00001  Fill=0000
D:\cc65\lib\none.lib(pushw.o):
    CODE              Offs=001D2F  Size=00000F  Align=00001  Fill=0000
D:\cc65\lib\none.lib(pushwsp.o):
    CODE              Offs=001D3E  Size=00001C  Align=00001  Fill=0000
D:\cc65\lib\none.lib(shelp.o):
    CODE              Offs=001D5A  Size=000020  Align=00001  Fill=0000
D:\cc65\lib\none.lib(staspidx.o):
    CODE              Offs=001D7A  Size=000016  Align=00001  Fill=0000
D:\cc65\lib\none.lib(staxsp.o):
    CODE              Offs=001D90  Size=00000B  Align=00001  Fill=0000
D:\cc65\lib\none.lib(staxspi.o):
    CODE              Offs=001D9B  Size=00001B  Align=00001  Fill=0000
D:\cc65\lib\none.lib(subeqsp.o):
    CODE              Offs=001DB6  Size=000015  Align=00001  Fill=0000
D:\cc65\lib\none.lib(subysp.o):
    CODE              Offs=001DCB  Size=00000D  Align=00001  Fill=0000
D:\cc65\lib\none.lib(udiv.o):
    CODE              Offs=001DD8  Size=00004F  Align=00001  Fill=0000
D:\cc65\lib\none.lib(zeropage.o):
    ZEROPAGE          Offs=000006  Size=00001A  Align=00001  Fill=0000


Segment list:
-------------
Name                   Start     End    Size  Align
----------------------------------------------------
ZEROPAGE              000020  00003F  000020  00001
STARTUP               000800  000846  000047  00001
CODE                  000847  00266D  001E27  00001
RODATA                00266E  002804  000197  00001
DATA                  002805  002825  000021  00001
BSS                   002826  003C22  0013FD  00001


Exports list by name:
---------------------
__BSS_RUN__               002826 RLA    __BSS_SIZE__              0013FD REA    
__STARTUP__               000001 REA    _main                     0020AC RLA    
addeq0sp                  0022F8 RLA    addeqysp                  0022FA RLA    
addysp                    00230A RLA    aslax1                    002317 RLA    
booleq                    00243E RLA    boolgt                    00244D RLA    
boollt                    002447 RLA    callax                    00231F RLA    
decax1                    002326 RLA    decaxy                    00232D RLA    
decsp1                    002336 RLA    decsp2                    00233F RLA    
decsp3                    00234C RLA    decsp7                    002359 RLA    
incax1                    0023BD RLA    incaxy                    0023C6 RLA    
incsp1                    0023CF RLA    incsp2                    0023DE RLA    
incsp3                    0023EC RLA    incsp4                    0023F1 RLA    
incsp5                    0023F6 RLA    incsp6                    0023FB RLA    
jmpvec                    002823 RLA    ldaidx                    002400 RLA    
ldax0sp                   002419 RLA    ldaxi                     00240C RLA    
ldaxidx                   00240E RLA    ldaxysp                   00241B RLA    
leaa0sp                   002422 RLA    mul8x16                   0024BC RLA    
mul8x16a                  0024C6 RLA    mulax10                   0024F4 RLA    
mulax7                    00250D RLA    negax                     00252A RLA    
popax                     0023D6 RLA    popptr1                   002538 RLA    
popsargsudiv16            0025A1 RLA    ptr1                      00002E RLZ    
ptr4                      000034 RLZ    push0                     00255C RLA    
pusha                     00254A RLA    pusha0                    00255E RLA    
pushax                    002560 RLA    pushw                     002576 RLA    
pushwysp                  002587 RLA    regsave                   00002A RLZ    
sp                        000026 RLZ    sreg                      000028 RLZ    
staspidx                  0025C1 RLA    stax0sp                   0025D7 RLA    
staxspidx                 0025E2 RLA    staxysp                   0025D9 RLA    
subeqysp                  0025FF RLA    subysp                    002612 RLA    
tmp1                      000036 RLZ    tmp2                      000037 RLZ    
tosaddax                  0022DE RLA    tosdiva0                  002366 RLA    
tosdivax                  002368 RLA    toseqax                   00237F RLA    
tosgtax                   002389 RLA    tosicmp                   002391 RLA    
tosicmp0                  00238F RLA    tosltax                   002432 RLA    
tosmoda0                  002464 RLA    tosmodax                  002466 RLA    
tosmulax                  002475 RLA    udiv16                    002630 RLA    



Exports list by value:
----------------------
__STARTUP__               000001 REA    sp                        000026 RLZ    
sreg                      000028 RLZ    regsave                   00002A RLZ    
ptr1                      00002E RLZ    ptr4                      000034 RLZ    
tmp1                      000036 RLZ    tmp2                      000037 RLZ    
__BSS_SIZE__              0013FD REA    _main                     0020AC RLA    
tosaddax                  0022DE RLA    addeq0sp                  0022F8 RLA    
addeqysp                  0022FA RLA    addysp                    00230A RLA    
aslax1                    002317 RLA    callax                    00231F RLA    
decax1                    002326 RLA    decaxy                    00232D RLA    
decsp1                    002336 RLA    decsp2                    00233F RLA    
decsp3                    00234C RLA    decsp7                    002359 RLA    
tosdiva0                  002366 RLA    tosdivax                  002368 RLA    
toseqax                   00237F RLA    tosgtax                   002389 RLA    
tosicmp0                  00238F RLA    tosicmp                   002391 RLA    
incax1                    0023BD RLA    incaxy                    0023C6 RLA    
incsp1                    0023CF RLA    popax                     0023D6 RLA    
incsp2                    0023DE RLA    incsp3                    0023EC RLA    
incsp4                    0023F1 RLA    incsp5                    0023F6 RLA    
incsp6                    0023FB RLA    ldaidx                    002400 RLA    
ldaxi                     00240C RLA    ldaxidx                   00240E RLA    
ldax0sp                   002419 RLA    ldaxysp                   00241B RLA    
leaa0sp                   002422 RLA    tosltax                   002432 RLA    
booleq                    00243E RLA    boollt                    002447 RLA    
boolgt                    00244D RLA    tosmoda0                  002464 RLA    
tosmodax                  002466 RLA    tosmulax                  002475 RLA    
mul8x16                   0024BC RLA    mul8x16a                  0024C6 RLA    
mulax10                   0024F4 RLA    mulax7                    00250D RLA    
negax                     00252A RLA    popptr1                   002538 RLA    
pusha                     00254A RLA    push0                     00255C RLA    
pusha0                    00255E RLA    pushax                    002560 RLA    
pushw                     002576 RLA    pushwysp                  002587 RLA    
popsargsudiv16            0025A1 RLA    staspidx                  0025C1 RLA    
stax0sp                   0025D7 RLA    staxysp                   0025D9 RLA    
staxspidx                 0025E2 RLA    subeqysp                  0025FF RLA    
subysp                    002612 RLA    udiv16                    002630 RLA    
jmpvec                    002823 RLA    __BSS_RUN__               002826 RLA    



Imports list:
-------------
__BSS_RUN__ ([linker generated]):
    startup.o                 src\startup.s(12)
__BSS_SIZE__ ([linker generated]):
    startup.o                 src\startup.s(12)
__STARTUP__ (startup.o):
    main.o                    src\main.s(13)
_main (main.o):
    startup.o                 src\startup.s(11)
addeq0sp (addeqsp.o):
    main.o                    src\main.s(3346)
addeqysp (addeqsp.o):
    main.o                    src\main.s(3346)
    main.o                    src\main.s(3346)
    main.o                    src\main.s(3346)
addysp (addysp.o):
    incsp6.o                  runtime/incsp6.s(8)
    incsp5.o                  runtime/incsp5.s(8)
    incsp4.o                  runtime/incsp4.s(8)
    incsp3.o                  runtime/incsp3.s(8)
    main.o                    src\main.s(3346)
    main.o                    src\main.s(3346)
    main.o                    src\main.s(3346)
    main.o                    src\main.s(3346)
aslax1 (aslax1.o):
    main.o                    src\main.s(3346)
    main.o                    src\main.s(3346)
booleq (makebool.o):
    eq.o                      runtime/eq.s(8)
boolgt (makebool.o):
    gt.o                      runtime/gt.s(8)
boollt (makebool.o):
    lt.o                      runtime/lt.s(8)
callax (call.o):
    main.o                    src\main.s(3346)
    main.o                    src\main.s(3346)
decax1 (decax1.o):
    main.o                    src\main.s(3346)
decaxy (decaxy.o):
    main.o                    src\main.s(3346)
    main.o                    src\main.s(3346)
    main.o                    src\main.s(3346)
decsp1 (decsp1.o):
    main.o                    src\main.s(3346)
    main.o                    src\main.s(3346)
decsp2 (decsp2.o):
    main.o                    src\main.s(3346)
decsp3 (decsp3.o):
    main.o                    src\main.s(3346)
    main.o                    src\main.s(3346)
decsp7 (decsp7.o):
    main.o                    src\main.s(3346)
incax1 (incax1.o):
    main.o                    src\main.s(3346)
    main.o                    src\main.s(3346)
    main.o                    src\main.s(3346)
    main.o                    src\main.s(3346)
    main.o                    src\main.s(3346)
    main.o                    src\main.s(3346)
    main.o                    src\main.s(3346)
    main.o                    src\main.s(3346)
    main.o                    src\main.s(3346)
    main.o                    src\main.s(3346)
    main.o                    src\main.s(3346)
incaxy (incaxy.o):
    main.o                    src\main.s(3346)
incsp1 (incsp1.o):
    main.o                    src\main.s(3346)
    main.o                    src\main.s(3346)
    main.o                    src\main.s(3346)
incsp2 (incsp2.o):
    staxspi.o                 runtime/staxspi.s(9)
    staspidx.o                runtime/staspidx.s(8)
    popptr1.o                 runtime/popptr1.s(8)
    main.o                    src\main.s(3346)
    main.o                    src\main.s(3346)
    main.o                    src\main.s(3346)
    main.o                    src\main.s(3346)
    main.o                    src\main.s(3346)
incsp3 (incsp3.o):
    main.o                    src\main.s(3346)
incsp4 (incsp4.o):
    main.o                    src\main.s(3346)
incsp5 (incsp5.o):
    main.o                    src\main.s(3346)
    main.o                    src\main.s(3346)
    main.o                    src\main.s(3346)
incsp6 (incsp6.o):
    main.o                    src\main.s(3346)
    main.o                    src\main.s(3346)
jmpvec (jmpvec.o):
    main.o                    src\main.s(3346)
    main.o                    src\main.s(3346)
    main.o                    src\main.s(3346)
    main.o                    src\main.s(3346)
    main.o                    src\main.s(3346)
ldaidx (ldai.o):
    main.o                    src\main.s(3346)
ldax0sp (ldaxsp.o):
    main.o                    src\main.s(3346)
    main.o                    src\main.s(3346)
    main.o                    src\main.s(3346)
    main.o                    src\main.s(3346)
    main.o                    src\main.s(3346)
ldaxi (ldaxi.o):
    main.o                    src\main.s(3346)
    main.o                    src\main.s(3346)
ldaxidx (ldaxi.o):
    main.o                    src\main.s(3346)
ldaxysp (ldaxsp.o):
    main.o                    src\main.s(3346)
    main.o                    src\main.s(3346)
    main.o                    src\main.s(3346)
    main.o                    src\main.s(3346)
    main.o                    src\main.s(3346)
    main.o                    src\main.s(3346)
    main.o                    src\main.s(3346)
    main.o                    src\main.s(3346)
    main.o                    src\main.s(3346)
    main.o                    src\main.s(3346)
    main.o                    src\main.s(3346)
    main.o                    src\main.s(3346)
leaa0sp (leaaxsp.o):
    main.o                    src\main.s(3346)
    main.o                    src\main.s(3346)
mul8x16 (mul8.o):
    mul.o                     runtime/mul.s(8)
mul8x16a (mul8.o):
    mul.o                     runtime/mul.s(8)
mulax10 (mulax10.o):
    main.o                    src\main.s(3346)
    main.o                    src\main.s(3346)
    main.o                    src\main.s(3346)
mulax7 (mulax7.o):
    main.o                    src\main.s(3346)
negax (negabs.o):
    shelp.o                   runtime/shelp.s(11)
    mod.o                     runtime/mod.s(11)
    div.o                     runtime/div.s(11)
    main.o                    src\main.s(3346)
popax (incsp2.o):
    shelp.o                   runtime/shelp.s(11)
popptr1 (popptr1.o):
    udiv.o                    runtime/udiv.s(9)
    mul8.o                    runtime/mul8.s(9)
    mul.o                     runtime/mul.s(9)
popsargsudiv16 (shelp.o):
    mod.o                     runtime/mod.s(11)
    div.o                     runtime/div.s(11)
ptr1 (zeropage.o):
    udiv.o                    runtime/udiv.s(10)
    staxspi.o                 runtime/staxspi.s(10)
    staspidx.o                runtime/staspidx.s(9)
    shelp.o                   runtime/shelp.s(12)
    pushw.o                   runtime/pushw.s(9)
    popptr1.o                 runtime/popptr1.s(9)
    mulax7.o                  runtime/mulax7.s(10)
    mulax10.o                 runtime/mulax10.s(9)
    mul8.o                    runtime/mul8.s(10)
    mul.o                     runtime/mul.s(10)
    ldaxi.o                   runtime/ldaxi.s(8)
    ldai.o                    runtime/ldai.s(8)
    div.o                     runtime/div.s(12)
    call.o                    runtime/call.s(8)
    main.o                    src\main.s(11)
ptr4 (zeropage.o):
    udiv.o                    runtime/udiv.s(10)
    shelp.o                   runtime/shelp.s(12)
    mul8.o                    runtime/mul8.s(10)
    mul.o                     runtime/mul.s(10)
push0 (pushax.o):
    main.o                    src\main.s(3346)
    main.o                    src\main.s(3346)
    main.o                    src\main.s(3346)
pusha (pusha.o):
    main.o                    src\main.s(3346)
    main.o                    src\main.s(3346)
    main.o                    src\main.s(3346)
    main.o                    src\main.s(3346)
    main.o                    src\main.s(3346)
    main.o                    src\main.s(3346)
    main.o                    src\main.s(3346)
pusha0 (pushax.o):
    main.o                    src\main.s(3346)
    main.o                    src\main.s(3346)
pushax (pushax.o):
    pushw.o                   runtime/pushw.s(8)
    main.o                    src\main.s(3346)
    main.o                    src\main.s(3346)
    main.o                    src\main.s(3346)
    main.o                    src\main.s(3346)
    main.o                    src\main.s(3346)
    main.o                    src\main.s(3346)
    main.o                    src\main.s(3346)
    main.o                    src\main.s(3346)
    main.o                    src\main.s(3346)
    main.o                    src\main.s(3346)
    main.o                    src\main.s(3346)
    main.o                    src\main.s(3346)
    main.o                    src\main.s(3346)
pushw (pushw.o):
    main.o                    src\main.s(3346)
pushwysp (pushwsp.o):
    main.o                    src\main.s(3346)
    main.o                    src\main.s(3346)
    main.o                    src\main.s(3346)
    main.o                    src\main.s(3346)
    main.o                    src\main.s(3346)
regsave (zeropage.o):
    main.o                    src\main.s(10)
sp (zeropage.o):
    subysp.o                  runtime/subysp.s(9)
    subeqsp.o                 runtime/subeqsp.s(8)
    staxspi.o                 runtime/staxspi.s(10)
    staxsp.o                  runtime/staxsp.s(8)
    staspidx.o                runtime/staspidx.s(9)
    pushwsp.o                 runtime/pushwsp.s(8)
    pushax.o                  runtime/pushax.s(8)
    pusha.o                   runtime/pusha.s(8)
    popptr1.o                 runtime/popptr1.s(9)
    leaaxsp.o                 runtime/leaaxsp.s(8)
    ldaxsp.o                  runtime/ldaxsp.s(8)
    incsp2.o                  runtime/incsp2.s(8)
    incsp1.o                  runtime/incsp1.s(8)
    icmp.o                    runtime/icmp.s(9)
    decsp7.o                  runtime/decsp7.s(8)
    decsp3.o                  runtime/decsp3.s(8)
    decsp2.o                  runtime/decsp2.s(8)
    decsp1.o                  runtime/decsp1.s(8)
    addysp.o                  runtime/addysp.s(8)
    addeqsp.o                 runtime/addeqsp.s(8)
    add.o                     runtime/add.s(12)
    main.o                    src\main.s(10)
    startup.o                 src\startup.s(13)
sreg (zeropage.o):
    udiv.o                    runtime/udiv.s(10)
    mod.o                     runtime/mod.s(12)
    icmp.o                    runtime/icmp.s(9)
staspidx (staspidx.o):
    main.o                    src\main.s(3346)
    main.o                    src\main.s(3346)
    main.o                    src\main.s(3346)
    main.o                    src\main.s(3346)
stax0sp (staxsp.o):
    main.o                    src\main.s(3346)
    main.o                    src\main.s(3346)
    main.o                    src\main.s(3346)
    main.o                    src\main.s(3346)
    main.o                    src\main.s(3346)
    main.o                    src\main.s(3346)
    main.o                    src\main.s(3346)
staxspidx (staxspi.o):
    main.o                    src\main.s(3346)
staxysp (staxsp.o):
    main.o                    src\main.s(3346)
    main.o                    src\main.s(3346)
    main.o                    src\main.s(3346)
    main.o                    src\main.s(3346)
    main.o                    src\main.s(3346)
    main.o                    src\main.s(3346)
    main.o                    src\main.s(3346)
    main.o                    src\main.s(3346)
    main.o                    src\main.s(3346)
    main.o                    src\main.s(3346)
subeqysp (subeqsp.o):
    main.o                    src\main.s(3346)
subysp (subysp.o):
    main.o                    src\main.s(3346)
    main.o                    src\main.s(3346)
    main.o                    src\main.s(3346)
tmp1 (zeropage.o):
    staxspi.o                 runtime/staxspi.s(10)
    staspidx.o                runtime/staspidx.s(9)
    shelp.o                   runtime/shelp.s(12)
    mul.o                     runtime/mul.s(10)
    mod.o                     runtime/mod.s(12)
    incaxy.o                  runtime/incaxy.s(8)
    div.o                     runtime/div.s(12)
    decaxy.o                  runtime/decaxy.s(8)
    aslax1.o                  runtime/aslax1.s(8)
    add.o                     runtime/add.s(12)
    main.o                    src\main.s(11)
tmp2 (zeropage.o):
    shelp.o                   runtime/shelp.s(12)
    div.o                     runtime/div.s(12)
tosaddax (add.o):
    main.o                    src\main.s(3346)
    main.o                    src\main.s(3346)
    main.o                    src\main.s(3346)
    main.o                    src\main.s(3346)
tosdiva0 (div.o):
    main.o                    src\main.s(3346)
tosdivax (div.o):
    main.o                    src\main.s(3346)
toseqax (eq.o):
    main.o                    src\main.s(3346)
tosgtax (gt.o):
    main.o                    src\main.s(3346)
tosicmp (icmp.o):
    lt.o                      runtime/lt.s(8)
    gt.o                      runtime/gt.s(8)
    eq.o                      runtime/eq.s(8)
tosicmp0 (icmp.o):
    main.o                    src\main.s(3346)
tosltax (lt.o):
    main.o                    src\main.s(3346)
tosmoda0 (mod.o):
    main.o                    src\main.s(3346)
tosmodax (mod.o):
    main.o                    src\main.s(3346)
tosmulax (mul.o):
    main.o                    src\main.s(3346)
    main.o                    src\main.s(3346)
udiv16 (udiv.o):
    shelp.o                   runtime/shelp.s(11)

