Modules list:
-------------
startup.o:
    ZEROPAGE          Offs=000000  Size=000006  Align=00001  Fill=0000
    STARTUP           Offs=000000  Size=000047  Align=00001  Fill=0000
main.o:
    CODE              Offs=000000  Size=00134D  Align=00001  Fill=0000
    RODATA            Offs=000000  Size=0000DC  Align=00001  Fill=0000
    BSS               Offs=000000  Size=001D89  Align=00001  Fill=0000
    DATA              Offs=000000  Size=000008  Align=00001  Fill=0000
D:\cc65\lib\none.lib(add.o):
    CODE              Offs=00134D  Size=00001C  Align=00001  Fill=0000
D:\cc65\lib\none.lib(addeqsp.o):
    CODE              Offs=001369  Size=000011  Align=00001  Fill=0000
D:\cc65\lib\none.lib(addysp.o):
    CODE              Offs=00137A  Size=00000E  Align=00001  Fill=0000
D:\cc65\lib\none.lib(aslax1.o):
    CODE              Offs=001388  Size=000008  Align=00001  Fill=0000
D:\cc65\lib\none.lib(call.o):
    CODE              Offs=001390  Size=000007  Align=00001  Fill=0000
D:\cc65\lib\none.lib(decax1.o):
    CODE              Offs=001397  Size=000007  Align=00001  Fill=0000
D:\cc65\lib\none.lib(decaxy.o):
    CODE              Offs=00139E  Size=000009  Align=00001  Fill=0000
D:\cc65\lib\none.lib(decsp1.o):
    CODE              Offs=0013A7  Size=000009  Align=00001  Fill=0000
D:\cc65\lib\none.lib(decsp2.o):
    CODE              Offs=0013B0  Size=00000D  Align=00001  Fill=0000
D:\cc65\lib\none.lib(decsp5.o):
    CODE              Offs=0013BD  Size=00000D  Align=00001  Fill=0000
D:\cc65\lib\none.lib(decsp7.o):
    CODE              Offs=0013CA  Size=00000D  Align=00001  Fill=0000
D:\cc65\lib\none.lib(div.o):
    CODE              Offs=0013D7  Size=000015  Align=00001  Fill=0000
D:\cc65\lib\none.lib(eq.o):
    CODE              Offs=0013EC  Size=00000A  Align=00001  Fill=0000
D:\cc65\lib\none.lib(gt.o):
    CODE              Offs=0013F6  Size=00000A  Align=00001  Fill=0000
D:\cc65\lib\none.lib(icmp.o):
    CODE              Offs=001400  Size=00002E  Align=00001  Fill=0000
D:\cc65\lib\none.lib(incax1.o):
    CODE              Offs=00142E  Size=000007  Align=00001  Fill=0000
D:\cc65\lib\none.lib(incaxy.o):
    CODE              Offs=001435  Size=00000B  Align=00001  Fill=0000
D:\cc65\lib\none.lib(incsp1.o):
    CODE              Offs=001440  Size=000007  Align=00001  Fill=0000
D:\cc65\lib\none.lib(incsp2.o):
    CODE              Offs=001447  Size=000016  Align=00001  Fill=0000
D:\cc65\lib\none.lib(incsp3.o):
    CODE              Offs=00145D  Size=000005  Align=00001  Fill=0000
D:\cc65\lib\none.lib(incsp4.o):
    CODE              Offs=001462  Size=000005  Align=00001  Fill=0000
D:\cc65\lib\none.lib(incsp5.o):
    CODE              Offs=001467  Size=000005  Align=00001  Fill=0000
D:\cc65\lib\none.lib(incsp6.o):
    CODE              Offs=00146C  Size=000005  Align=00001  Fill=0000
D:\cc65\lib\none.lib(jmpvec.o):
    DATA              Offs=000008  Size=000003  Align=00001  Fill=0000
D:\cc65\lib\none.lib(ldai.o):
    CODE              Offs=001471  Size=00000C  Align=00001  Fill=0000
D:\cc65\lib\none.lib(ldaxi.o):
    CODE              Offs=00147D  Size=00000D  Align=00001  Fill=0000
D:\cc65\lib\none.lib(ldaxsp.o):
    CODE              Offs=00148A  Size=000009  Align=00001  Fill=0000
D:\cc65\lib\none.lib(leaaxsp.o):
    CODE              Offs=001493  Size=00000C  Align=00001  Fill=0000
D:\cc65\lib\none.lib(lt.o):
    CODE              Offs=00149F  Size=00000A  Align=00001  Fill=0000
D:\cc65\lib\none.lib(makebool.o):
    CODE              Offs=0014A9  Size=00002C  Align=00001  Fill=0000
D:\cc65\lib\none.lib(mod.o):
    CODE              Offs=0014D5  Size=000011  Align=00001  Fill=0000
D:\cc65\lib\none.lib(mul.o):
    CODE              Offs=0014E6  Size=000045  Align=00001  Fill=0000
D:\cc65\lib\none.lib(mul8.o):
    CODE              Offs=00152B  Size=00003A  Align=00001  Fill=0000
D:\cc65\lib\none.lib(mulax10.o):
    CODE              Offs=001565  Size=000019  Align=00001  Fill=0000
D:\cc65\lib\none.lib(negabs.o):
    CODE              Offs=00157E  Size=000012  Align=00001  Fill=0000
D:\cc65\lib\none.lib(popptr1.o):
    CODE              Offs=001590  Size=00000E  Align=00001  Fill=0000
D:\cc65\lib\none.lib(pusha.o):
    CODE              Offs=00159E  Size=000016  Align=00001  Fill=0000
D:\cc65\lib\none.lib(pushax.o):
    CODE              Offs=0015B4  Size=00001A  Align=00001  Fill=0000
D:\cc65\lib\none.lib(pushwsp.o):
    CODE              Offs=0015CE  Size=00001C  Align=00001  Fill=0000
D:\cc65\lib\none.lib(shelp.o):
    CODE              Offs=0015EA  Size=000020  Align=00001  Fill=0000
D:\cc65\lib\none.lib(staspidx.o):
    CODE              Offs=00160A  Size=000016  Align=00001  Fill=0000
D:\cc65\lib\none.lib(staxsp.o):
    CODE              Offs=001620  Size=00000B  Align=00001  Fill=0000
D:\cc65\lib\none.lib(staxspi.o):
    CODE              Offs=00162B  Size=00001B  Align=00001  Fill=0000
D:\cc65\lib\none.lib(subeqsp.o):
    CODE              Offs=001646  Size=000015  Align=00001  Fill=0000
D:\cc65\lib\none.lib(subysp.o):
    CODE              Offs=00165B  Size=00000D  Align=00001  Fill=0000
D:\cc65\lib\none.lib(udiv.o):
    CODE              Offs=001668  Size=00004F  Align=00001  Fill=0000
D:\cc65\lib\none.lib(zeropage.o):
    ZEROPAGE          Offs=000006  Size=00001A  Align=00001  Fill=0000


Segment list:
-------------
Name                   Start     End    Size  Align
----------------------------------------------------
ZEROPAGE              000020  00003F  000020  00001
STARTUP               000800  000846  000047  00001
CODE                  000847  001EFD  0016B7  00001
RODATA                001EFE  001FD9  0000DC  00001
DATA                  001FDA  001FE4  00000B  00001
BSS                   001FE5  003D6D  001D89  00001


Exports list by name:
---------------------
__BSS_RUN__               001FE5 RLA    __BSS_SIZE__              001D89 REA    
__STARTUP__               000001 REA    _main                     00196E RLA    
addeq0sp                  001BB0 RLA    addeqysp                  001BB2 RLA    
addysp                    001BC2 RLA    aslax1                    001BCF RLA    
booleq                    001CF6 RLA    boolgt                    001D05 RLA    
boollt                    001CFF RLA    callax                    001BD7 RLA    
decax1                    001BDE RLA    decaxy                    001BE5 RLA    
decsp1                    001BEE RLA    decsp2                    001BF7 RLA    
decsp5                    001C04 RLA    decsp7                    001C11 RLA    
incax1                    001C75 RLA    incaxy                    001C7E RLA    
incsp1                    001C87 RLA    incsp2                    001C96 RLA    
incsp3                    001CA4 RLA    incsp4                    001CA9 RLA    
incsp5                    001CAE RLA    incsp6                    001CB3 RLA    
jmpvec                    001FE2 RLA    ldaidx                    001CB8 RLA    
ldax0sp                   001CD1 RLA    ldaxi                     001CC4 RLA    
ldaxysp                   001CD3 RLA    leaa0sp                   001CDA RLA    
mul8x16                   001D74 RLA    mul8x16a                  001D7E RLA    
mulax10                   001DAC RLA    negax                     001DC9 RLA    
popax                     001C8E RLA    popptr1                   001DD7 RLA    
popsargsudiv16            001E31 RLA    ptr1                      00002E RLZ    
ptr4                      000034 RLZ    push0                     001DFB RLA    
pusha                     001DE9 RLA    pusha0                    001DFD RLA    
pushax                    001DFF RLA    pushwysp                  001E17 RLA    
regsave                   00002A RLZ    sp                        000026 RLZ    
sreg                      000028 RLZ    staspidx                  001E51 RLA    
stax0sp                   001E67 RLA    staxspidx                 001E72 RLA    
staxysp                   001E69 RLA    subeqysp                  001E8F RLA    
subysp                    001EA2 RLA    tmp1                      000036 RLZ    
tmp2                      000037 RLZ    tosaddax                  001B96 RLA    
tosdiva0                  001C1E RLA    tosdivax                  001C20 RLA    
toseqax                   001C37 RLA    tosgtax                   001C41 RLA    
tosicmp                   001C49 RLA    tosicmp0                  001C47 RLA    
tosltax                   001CEA RLA    tosmoda0                  001D1C RLA    
tosmodax                  001D1E RLA    tosmulax                  001D2D RLA    
udiv16                    001EC0 RLA    


Exports list by value:
----------------------
__STARTUP__               000001 REA    sp                        000026 RLZ    
sreg                      000028 RLZ    regsave                   00002A RLZ    
ptr1                      00002E RLZ    ptr4                      000034 RLZ    
tmp1                      000036 RLZ    tmp2                      000037 RLZ    
_main                     00196E RLA    tosaddax                  001B96 RLA    
addeq0sp                  001BB0 RLA    addeqysp                  001BB2 RLA    
addysp                    001BC2 RLA    aslax1                    001BCF RLA    
callax                    001BD7 RLA    decax1                    001BDE RLA    
decaxy                    001BE5 RLA    decsp1                    001BEE RLA    
decsp2                    001BF7 RLA    decsp5                    001C04 RLA    
decsp7                    001C11 RLA    tosdiva0                  001C1E RLA    
tosdivax                  001C20 RLA    toseqax                   001C37 RLA    
tosgtax                   001C41 RLA    tosicmp0                  001C47 RLA    
tosicmp                   001C49 RLA    incax1                    001C75 RLA    
incaxy                    001C7E RLA    incsp1                    001C87 RLA    
popax                     001C8E RLA    incsp2                    001C96 RLA    
incsp3                    001CA4 RLA    incsp4                    001CA9 RLA    
incsp5                    001CAE RLA    incsp6                    001CB3 RLA    
ldaidx                    001CB8 RLA    ldaxi                     001CC4 RLA    
ldax0sp                   001CD1 RLA    ldaxysp                   001CD3 RLA    
leaa0sp                   001CDA RLA    tosltax                   001CEA RLA    
booleq                    001CF6 RLA    boollt                    001CFF RLA    
boolgt                    001D05 RLA    tosmoda0                  001D1C RLA    
tosmodax                  001D1E RLA    tosmulax                  001D2D RLA    
mul8x16                   001D74 RLA    mul8x16a                  001D7E RLA    
__BSS_SIZE__              001D89 REA    mulax10                   001DAC RLA    
negax                     001DC9 RLA    popptr1                   001DD7 RLA    
pusha                     001DE9 RLA    push0                     001DFB RLA    
pusha0                    001DFD RLA    pushax                    001DFF RLA    
pushwysp                  001E17 RLA    popsargsudiv16            001E31 RLA    
staspidx                  001E51 RLA    stax0sp                   001E67 RLA    
staxysp                   001E69 RLA    staxspidx                 001E72 RLA    
subeqysp                  001E8F RLA    subysp                    001EA2 RLA    
udiv16                    001EC0 RLA    jmpvec                    001FE2 RLA    
__BSS_RUN__               001FE5 RLA    


Imports list:
-------------
__BSS_RUN__ ([linker generated]):
    startup.o                 src\startup.s(12)
__BSS_SIZE__ ([linker generated]):
    startup.o                 src\startup.s(12)
__STARTUP__ (startup.o):
    main.o                    src\main.s(13)
_main (main.o):
    startup.o                 src\startup.s(11)
addeq0sp (addeqsp.o):
    main.o                    src\main.s(2447)
addeqysp (addeqsp.o):
    main.o                    src\main.s(2447)
    main.o                    src\main.s(2447)
    main.o                    src\main.s(2447)
addysp (addysp.o):
    incsp6.o                  runtime/incsp6.s(8)
    incsp5.o                  runtime/incsp5.s(8)
    incsp4.o                  runtime/incsp4.s(8)
    incsp3.o                  runtime/incsp3.s(8)
    main.o                    src\main.s(2447)
    main.o                    src\main.s(2447)
    main.o                    src\main.s(2447)
    main.o                    src\main.s(2447)
aslax1 (aslax1.o):
    main.o                    src\main.s(2447)
    main.o                    src\main.s(2447)
booleq (makebool.o):
    eq.o                      runtime/eq.s(8)
boolgt (makebool.o):
    gt.o                      runtime/gt.s(8)
boollt (makebool.o):
    lt.o                      runtime/lt.s(8)
callax (call.o):
    main.o                    src\main.s(2447)
    main.o                    src\main.s(2447)
decax1 (decax1.o):
    main.o                    src\main.s(2447)
decaxy (decaxy.o):
    main.o                    src\main.s(2447)
    main.o                    src\main.s(2447)
    main.o                    src\main.s(2447)
decsp1 (decsp1.o):
    main.o                    src\main.s(2447)
    main.o                    src\main.s(2447)
decsp2 (decsp2.o):
    main.o                    src\main.s(2447)
decsp5 (decsp5.o):
    main.o                    src\main.s(2447)
    main.o                    src\main.s(2447)
decsp7 (decsp7.o):
    main.o                    src\main.s(2447)
incax1 (incax1.o):
    main.o                    src\main.s(2447)
    main.o                    src\main.s(2447)
    main.o                    src\main.s(2447)
    main.o                    src\main.s(2447)
    main.o                    src\main.s(2447)
    main.o                    src\main.s(2447)
    main.o                    src\main.s(2447)
    main.o                    src\main.s(2447)
    main.o                    src\main.s(2447)
    main.o                    src\main.s(2447)
    main.o                    src\main.s(2447)
incaxy (incaxy.o):
    main.o                    src\main.s(2447)
incsp1 (incsp1.o):
    main.o                    src\main.s(2447)
    main.o                    src\main.s(2447)
    main.o                    src\main.s(2447)
    main.o                    src\main.s(2447)
incsp2 (incsp2.o):
    staxspi.o                 runtime/staxspi.s(9)
    staspidx.o                runtime/staspidx.s(8)
    popptr1.o                 runtime/popptr1.s(8)
    main.o                    src\main.s(2447)
    main.o                    src\main.s(2447)
    main.o                    src\main.s(2447)
    main.o                    src\main.s(2447)
    main.o                    src\main.s(2447)
incsp3 (incsp3.o):
    main.o                    src\main.s(2447)
incsp4 (incsp4.o):
    main.o                    src\main.s(2447)
    main.o                    src\main.s(2447)
incsp5 (incsp5.o):
    main.o                    src\main.s(2447)
    main.o                    src\main.s(2447)
incsp6 (incsp6.o):
    main.o                    src\main.s(2447)
    main.o                    src\main.s(2447)
jmpvec (jmpvec.o):
    main.o                    src\main.s(2447)
    main.o                    src\main.s(2447)
    main.o                    src\main.s(2447)
    main.o                    src\main.s(2447)
ldaidx (ldai.o):
    main.o                    src\main.s(2447)
ldax0sp (ldaxsp.o):
    main.o                    src\main.s(2447)
    main.o                    src\main.s(2447)
    main.o                    src\main.s(2447)
    main.o                    src\main.s(2447)
    main.o                    src\main.s(2447)
ldaxi (ldaxi.o):
    main.o                    src\main.s(2447)
ldaxysp (ldaxsp.o):
    main.o                    src\main.s(2447)
    main.o                    src\main.s(2447)
    main.o                    src\main.s(2447)
    main.o                    src\main.s(2447)
    main.o                    src\main.s(2447)
    main.o                    src\main.s(2447)
    main.o                    src\main.s(2447)
    main.o                    src\main.s(2447)
    main.o                    src\main.s(2447)
    main.o                    src\main.s(2447)
    main.o                    src\main.s(2447)
    main.o                    src\main.s(2447)
leaa0sp (leaaxsp.o):
    main.o                    src\main.s(2447)
    main.o                    src\main.s(2447)
mul8x16 (mul8.o):
    mul.o                     runtime/mul.s(8)
mul8x16a (mul8.o):
    mul.o                     runtime/mul.s(8)
mulax10 (mulax10.o):
    main.o                    src\main.s(2447)
    main.o                    src\main.s(2447)
    main.o                    src\main.s(2447)
negax (negabs.o):
    shelp.o                   runtime/shelp.s(11)
    mod.o                     runtime/mod.s(11)
    div.o                     runtime/div.s(11)
    main.o                    src\main.s(2447)
popax (incsp2.o):
    shelp.o                   runtime/shelp.s(11)
popptr1 (popptr1.o):
    udiv.o                    runtime/udiv.s(9)
    mul8.o                    runtime/mul8.s(9)
    mul.o                     runtime/mul.s(9)
popsargsudiv16 (shelp.o):
    mod.o                     runtime/mod.s(11)
    div.o                     runtime/div.s(11)
ptr1 (zeropage.o):
    udiv.o                    runtime/udiv.s(10)
    staxspi.o                 runtime/staxspi.s(10)
    staspidx.o                runtime/staspidx.s(9)
    shelp.o                   runtime/shelp.s(12)
    popptr1.o                 runtime/popptr1.s(9)
    mulax10.o                 runtime/mulax10.s(9)
    mul8.o                    runtime/mul8.s(10)
    mul.o                     runtime/mul.s(10)
    ldaxi.o                   runtime/ldaxi.s(8)
    ldai.o                    runtime/ldai.s(8)
    div.o                     runtime/div.s(12)
    call.o                    runtime/call.s(8)
    main.o                    src\main.s(11)
ptr4 (zeropage.o):
    udiv.o                    runtime/udiv.s(10)
    shelp.o                   runtime/shelp.s(12)
    mul8.o                    runtime/mul8.s(10)
    mul.o                     runtime/mul.s(10)
push0 (pushax.o):
    main.o                    src\main.s(2447)
    main.o                    src\main.s(2447)
    main.o                    src\main.s(2447)
pusha (pusha.o):
    main.o                    src\main.s(2447)
    main.o                    src\main.s(2447)
    main.o                    src\main.s(2447)
    main.o                    src\main.s(2447)
    main.o                    src\main.s(2447)
pusha0 (pushax.o):
    main.o                    src\main.s(2447)
    main.o                    src\main.s(2447)
pushax (pushax.o):
    main.o                    src\main.s(2447)
    main.o                    src\main.s(2447)
    main.o                    src\main.s(2447)
    main.o                    src\main.s(2447)
    main.o                    src\main.s(2447)
    main.o                    src\main.s(2447)
    main.o                    src\main.s(2447)
    main.o                    src\main.s(2447)
    main.o                    src\main.s(2447)
    main.o                    src\main.s(2447)
    main.o                    src\main.s(2447)
pushwysp (pushwsp.o):
    main.o                    src\main.s(2447)
    main.o                    src\main.s(2447)
    main.o                    src\main.s(2447)
    main.o                    src\main.s(2447)
    main.o                    src\main.s(2447)
regsave (zeropage.o):
    main.o                    src\main.s(10)
sp (zeropage.o):
    subysp.o                  runtime/subysp.s(9)
    subeqsp.o                 runtime/subeqsp.s(8)
    staxspi.o                 runtime/staxspi.s(10)
    staxsp.o                  runtime/staxsp.s(8)
    staspidx.o                runtime/staspidx.s(9)
    pushwsp.o                 runtime/pushwsp.s(8)
    pushax.o                  runtime/pushax.s(8)
    pusha.o                   runtime/pusha.s(8)
    popptr1.o                 runtime/popptr1.s(9)
    leaaxsp.o                 runtime/leaaxsp.s(8)
    ldaxsp.o                  runtime/ldaxsp.s(8)
    incsp2.o                  runtime/incsp2.s(8)
    incsp1.o                  runtime/incsp1.s(8)
    icmp.o                    runtime/icmp.s(9)
    decsp7.o                  runtime/decsp7.s(8)
    decsp5.o                  runtime/decsp5.s(8)
    decsp2.o                  runtime/decsp2.s(8)
    decsp1.o                  runtime/decsp1.s(8)
    addysp.o                  runtime/addysp.s(8)
    addeqsp.o                 runtime/addeqsp.s(8)
    add.o                     runtime/add.s(12)
    main.o                    src\main.s(10)
    startup.o                 src\startup.s(13)
sreg (zeropage.o):
    udiv.o                    runtime/udiv.s(10)
    mod.o                     runtime/mod.s(12)
    icmp.o                    runtime/icmp.s(9)
staspidx (staspidx.o):
    main.o                    src\main.s(2447)
    main.o                    src\main.s(2447)
    main.o                    src\main.s(2447)
    main.o                    src\main.s(2447)
stax0sp (staxsp.o):
    main.o                    src\main.s(2447)
    main.o                    src\main.s(2447)
    main.o                    src\main.s(2447)
    main.o                    src\main.s(2447)
    main.o                    src\main.s(2447)
    main.o                    src\main.s(2447)
    main.o                    src\main.s(2447)
staxspidx (staxspi.o):
    main.o                    src\main.s(2447)
staxysp (staxsp.o):
    main.o                    src\main.s(2447)
    main.o                    src\main.s(2447)
    main.o                    src\main.s(2447)
    main.o                    src\main.s(2447)
    main.o                    src\main.s(2447)
    main.o                    src\main.s(2447)
    main.o                    src\main.s(2447)
    main.o                    src\main.s(2447)
    main.o                    src\main.s(2447)
    main.o                    src\main.s(2447)
subeqysp (subeqsp.o):
    main.o                    src\main.s(2447)
subysp (subysp.o):
    main.o                    src\main.s(2447)
    main.o                    src\main.s(2447)
    main.o                    src\main.s(2447)
tmp1 (zeropage.o):
    staxspi.o                 runtime/staxspi.s(10)
    staspidx.o                runtime/staspidx.s(9)
    shelp.o                   runtime/shelp.s(12)
    mul.o                     runtime/mul.s(10)
    mod.o                     runtime/mod.s(12)
    incaxy.o                  runtime/incaxy.s(8)
    div.o                     runtime/div.s(12)
    decaxy.o                  runtime/decaxy.s(8)
    aslax1.o                  runtime/aslax1.s(8)
    add.o                     runtime/add.s(12)
    main.o                    src\main.s(11)
tmp2 (zeropage.o):
    shelp.o                   runtime/shelp.s(12)
    div.o                     runtime/div.s(12)
tosaddax (add.o):
    main.o                    src\main.s(2447)
    main.o                    src\main.s(2447)
    main.o                    src\main.s(2447)
    main.o                    src\main.s(2447)
tosdiva0 (div.o):
    main.o                    src\main.s(2447)
tosdivax (div.o):
    main.o                    src\main.s(2447)
toseqax (eq.o):
    main.o                    src\main.s(2447)
tosgtax (gt.o):
    main.o                    src\main.s(2447)
tosicmp (icmp.o):
    lt.o                      runtime/lt.s(8)
    gt.o                      runtime/gt.s(8)
    eq.o                      runtime/eq.s(8)
tosicmp0 (icmp.o):
    main.o                    src\main.s(2447)
tosltax (lt.o):
    main.o                    src\main.s(2447)
tosmoda0 (mod.o):
    main.o                    src\main.s(2447)
tosmodax (mod.o):
    main.o                    src\main.s(2447)
tosmulax (mul.o):
    main.o                    src\main.s(2447)
    main.o                    src\main.s(2447)
udiv16 (udiv.o):
    shelp.o                   runtime/shelp.s(11)

